// Jest Snapshot v1, https://goo.gl/fbAQLP

exports[`Favotites should match snapshot 1`] = `
<div>
  <div
    class="sc-dmyCSP knOGob"
  />
</div>
`;
